// Vitest Snapshot v1, https://vitest.dev/guide/snapshot.html

exports[`full-run pin (default inputs) > matches the stored snapshot — intentional engine changes must update it 1`] = `
[
  {
    "age": 48,
    "assets": 893770,
    "shortfall": 0,
    "tax": 16669,
  },
  {
    "age": 49,
    "assets": 939771,
    "shortfall": 0,
    "tax": 17069,
  },
  {
    "age": 50,
    "assets": 988112,
    "shortfall": 0,
    "tax": 17479,
  },
  {
    "age": 51,
    "assets": 1038914,
    "shortfall": 0,
    "tax": 17899,
  },
  {
    "age": 52,
    "assets": 1092299,
    "shortfall": 0,
    "tax": 18329,
  },
  {
    "age": 53,
    "assets": 1148397,
    "shortfall": 0,
    "tax": 18771,
  },
  {
    "age": 54,
    "assets": 1207344,
    "shortfall": 0,
    "tax": 19224,
  },
  {
    "age": 55,
    "assets": 1269285,
    "shortfall": 0,
    "tax": 19688,
  },
  {
    "age": 56,
    "assets": 1334369,
    "shortfall": 0,
    "tax": 20163,
  },
  {
    "age": 57,
    "assets": 1402755,
    "shortfall": 0,
    "tax": 20651,
  },
  {
    "age": 58,
    "assets": 1474607,
    "shortfall": 0,
    "tax": 21151,
  },
  {
    "age": 59,
    "assets": 1550101,
    "shortfall": 0,
    "tax": 21663,
  },
  {
    "age": 60,
    "assets": 1531317,
    "shortfall": 0,
    "tax": 15439,
  },
  {
    "age": 61,
    "assets": 1509142,
    "shortfall": 0,
    "tax": 15814,
  },
  {
    "age": 62,
    "assets": 1483310,
    "shortfall": 0,
    "tax": 16207,
  },
  {
    "age": 63,
    "assets": 1453571,
    "shortfall": 0,
    "tax": 16611,
  },
  {
    "age": 64,
    "assets": 1419635,
    "shortfall": 0,
    "tax": 17034,
  },
  {
    "age": 65,
    "assets": 1422111,
    "shortfall": 0,
    "tax": 15209,
  },
  {
    "age": 66,
    "assets": 1423018,
    "shortfall": 0,
    "tax": 15558,
  },
  {
    "age": 67,
    "assets": 1422233,
    "shortfall": 0,
    "tax": 15917,
  },
  {
    "age": 68,
    "assets": 1419627,
    "shortfall": 0,
    "tax": 16284,
  },
  {
    "age": 69,
    "assets": 1415065,
    "shortfall": 0,
    "tax": 16661,
  },
  {
    "age": 70,
    "assets": 1408404,
    "shortfall": 0,
    "tax": 17046,
  },
  {
    "age": 71,
    "assets": 1399489,
    "shortfall": 0,
    "tax": 17442,
  },
  {
    "age": 72,
    "assets": 1389199,
    "shortfall": 0,
    "tax": 16859,
  },
  {
    "age": 73,
    "assets": 1376404,
    "shortfall": 0,
    "tax": 17249,
  },
  {
    "age": 74,
    "assets": 1360927,
    "shortfall": 0,
    "tax": 17650,
  },
  {
    "age": 75,
    "assets": 1344385,
    "shortfall": 0,
    "tax": 18060,
  },
  {
    "age": 76,
    "assets": 1324916,
    "shortfall": 0,
    "tax": 18481,
  },
  {
    "age": 77,
    "assets": 1316171,
    "shortfall": 0,
    "tax": 6692,
  },
  {
    "age": 78,
    "assets": 1307559,
    "shortfall": 0,
    "tax": 5154,
  },
  {
    "age": 79,
    "assets": 1297234,
    "shortfall": 0,
    "tax": 5257,
  },
  {
    "age": 80,
    "assets": 1285101,
    "shortfall": 0,
    "tax": 5362,
  },
  {
    "age": 81,
    "assets": 1271062,
    "shortfall": 0,
    "tax": 5469,
  },
  {
    "age": 82,
    "assets": 1255015,
    "shortfall": 0,
    "tax": 5578,
  },
  {
    "age": 83,
    "assets": 1236839,
    "shortfall": 0,
    "tax": 5690,
  },
  {
    "age": 84,
    "assets": 1217310,
    "shortfall": 0,
    "tax": 4405,
  },
  {
    "age": 85,
    "assets": 1197425,
    "shortfall": 0,
    "tax": 1478,
  },
  {
    "age": 86,
    "assets": 1174547,
    "shortfall": 0,
    "tax": 1496,
  },
  {
    "age": 87,
    "assets": 1148476,
    "shortfall": 0,
    "tax": 1514,
  },
  {
    "age": 88,
    "assets": 1119001,
    "shortfall": 0,
    "tax": 1534,
  },
  {
    "age": 89,
    "assets": 1085899,
    "shortfall": 0,
    "tax": 1553,
  },
  {
    "age": 90,
    "assets": 1048936,
    "shortfall": 0,
    "tax": 1573,
  },
]
`;
