// Vitest Snapshot v1, https://vitest.dev/guide/snapshot.html

exports[`full-run pin (default inputs) > matches the stored snapshot — intentional engine changes must update it 1`] = `
[
  {
    "age": 48,
    "assets": 894790,
    "shortfall": 0,
    "tax": 16669,
  },
  {
    "age": 49,
    "assets": 941884,
    "shortfall": 0,
    "tax": 17073,
  },
  {
    "age": 50,
    "assets": 991398,
    "shortfall": 0,
    "tax": 17487,
  },
  {
    "age": 51,
    "assets": 1043453,
    "shortfall": 0,
    "tax": 17912,
  },
  {
    "age": 52,
    "assets": 1098179,
    "shortfall": 0,
    "tax": 18348,
  },
  {
    "age": 53,
    "assets": 1155709,
    "shortfall": 0,
    "tax": 18794,
  },
  {
    "age": 54,
    "assets": 1216187,
    "shortfall": 0,
    "tax": 19252,
  },
  {
    "age": 55,
    "assets": 1279759,
    "shortfall": 0,
    "tax": 19722,
  },
  {
    "age": 56,
    "assets": 1346582,
    "shortfall": 0,
    "tax": 20204,
  },
  {
    "age": 57,
    "assets": 1416820,
    "shortfall": 0,
    "tax": 20697,
  },
  {
    "age": 58,
    "assets": 1490645,
    "shortfall": 0,
    "tax": 21204,
  },
  {
    "age": 59,
    "assets": 1568238,
    "shortfall": 0,
    "tax": 21723,
  },
  {
    "age": 60,
    "assets": 1551744,
    "shortfall": 0,
    "tax": 15454,
  },
  {
    "age": 61,
    "assets": 1532049,
    "shortfall": 0,
    "tax": 15817,
  },
  {
    "age": 62,
    "assets": 1508859,
    "shortfall": 0,
    "tax": 16212,
  },
  {
    "age": 63,
    "assets": 1481937,
    "shortfall": 0,
    "tax": 16616,
  },
  {
    "age": 64,
    "assets": 1450999,
    "shortfall": 0,
    "tax": 17038,
  },
  {
    "age": 65,
    "assets": 1456595,
    "shortfall": 0,
    "tax": 15245,
  },
  {
    "age": 66,
    "assets": 1460816,
    "shortfall": 0,
    "tax": 15597,
  },
  {
    "age": 67,
    "assets": 1463549,
    "shortfall": 0,
    "tax": 15959,
  },
  {
    "age": 68,
    "assets": 1464680,
    "shortfall": 0,
    "tax": 16329,
  },
  {
    "age": 69,
    "assets": 1464082,
    "shortfall": 0,
    "tax": 16708,
  },
  {
    "age": 70,
    "assets": 1461624,
    "shortfall": 0,
    "tax": 17097,
  },
  {
    "age": 71,
    "assets": 1457168,
    "shortfall": 0,
    "tax": 17496,
  },
  {
    "age": 72,
    "assets": 1451606,
    "shortfall": 0,
    "tax": 16915,
  },
  {
    "age": 73,
    "assets": 1443819,
    "shortfall": 0,
    "tax": 17309,
  },
  {
    "age": 74,
    "assets": 1433647,
    "shortfall": 0,
    "tax": 17713,
  },
  {
    "age": 75,
    "assets": 1422726,
    "shortfall": 0,
    "tax": 18126,
  },
  {
    "age": 76,
    "assets": 1409207,
    "shortfall": 0,
    "tax": 18550,
  },
  {
    "age": 77,
    "assets": 1404753,
    "shortfall": 0,
    "tax": 8297,
  },
  {
    "age": 78,
    "assets": 1401885,
    "shortfall": 0,
    "tax": 5408,
  },
  {
    "age": 79,
    "assets": 1397282,
    "shortfall": 0,
    "tax": 5518,
  },
  {
    "age": 80,
    "assets": 1390829,
    "shortfall": 0,
    "tax": 5631,
  },
  {
    "age": 81,
    "assets": 1382405,
    "shortfall": 0,
    "tax": 5745,
  },
  {
    "age": 82,
    "assets": 1371880,
    "shortfall": 0,
    "tax": 5861,
  },
  {
    "age": 83,
    "assets": 1359120,
    "shortfall": 0,
    "tax": 5979,
  },
  {
    "age": 84,
    "assets": 1343985,
    "shortfall": 0,
    "tax": 6098,
  },
  {
    "age": 85,
    "assets": 1326278,
    "shortfall": 0,
    "tax": 6223,
  },
  {
    "age": 86,
    "assets": 1309023,
    "shortfall": 0,
    "tax": 2447,
  },
  {
    "age": 87,
    "assets": 1289676,
    "shortfall": 0,
    "tax": 1514,
  },
  {
    "age": 88,
    "assets": 1267261,
    "shortfall": 0,
    "tax": 1534,
  },
  {
    "age": 89,
    "assets": 1241572,
    "shortfall": 0,
    "tax": 1553,
  },
  {
    "age": 90,
    "assets": 1212393,
    "shortfall": 0,
    "tax": 1573,
  },
]
`;
