// Vitest Snapshot v1, https://vitest.dev/guide/snapshot.html

exports[`full-run pin (default inputs) > matches the stored snapshot — intentional engine changes must update it 1`] = `
[
  {
    "age": 48,
    "assets": 893770,
    "shortfall": 0,
    "tax": 16669,
  },
  {
    "age": 49,
    "assets": 938201,
    "shortfall": 0,
    "tax": 16439,
  },
  {
    "age": 50,
    "assets": 983298,
    "shortfall": 0,
    "tax": 16208,
  },
  {
    "age": 51,
    "assets": 1029106,
    "shortfall": 0,
    "tax": 15991,
  },
  {
    "age": 52,
    "assets": 1075438,
    "shortfall": 0,
    "tax": 15945,
  },
  {
    "age": 53,
    "assets": 1121837,
    "shortfall": 0,
    "tax": 16315,
  },
  {
    "age": 54,
    "assets": 1168250,
    "shortfall": 0,
    "tax": 16694,
  },
  {
    "age": 55,
    "assets": 1210490,
    "shortfall": 0,
    "tax": 21000,
  },
  {
    "age": 56,
    "assets": 1253139,
    "shortfall": 0,
    "tax": 20758,
  },
  {
    "age": 57,
    "assets": 1296172,
    "shortfall": 0,
    "tax": 20508,
  },
  {
    "age": 58,
    "assets": 1339563,
    "shortfall": 0,
    "tax": 20253,
  },
  {
    "age": 59,
    "assets": 1383301,
    "shortfall": 0,
    "tax": 19994,
  },
  {
    "age": 60,
    "assets": 1356173,
    "shortfall": 0,
    "tax": 15437,
  },
  {
    "age": 61,
    "assets": 1325237,
    "shortfall": 0,
    "tax": 15811,
  },
  {
    "age": 62,
    "assets": 1290204,
    "shortfall": 0,
    "tax": 16205,
  },
  {
    "age": 63,
    "assets": 1250804,
    "shortfall": 0,
    "tax": 16609,
  },
  {
    "age": 64,
    "assets": 1206723,
    "shortfall": 0,
    "tax": 17032,
  },
  {
    "age": 65,
    "assets": 1199924,
    "shortfall": 0,
    "tax": 14780,
  },
  {
    "age": 66,
    "assets": 1191126,
    "shortfall": 0,
    "tax": 15119,
  },
  {
    "age": 67,
    "assets": 1180184,
    "shortfall": 0,
    "tax": 15467,
  },
  {
    "age": 68,
    "assets": 1166949,
    "shortfall": 0,
    "tax": 15824,
  },
  {
    "age": 69,
    "assets": 1151263,
    "shortfall": 0,
    "tax": 16189,
  },
  {
    "age": 70,
    "assets": 1132959,
    "shortfall": 0,
    "tax": 16563,
  },
  {
    "age": 71,
    "assets": 1111856,
    "shortfall": 0,
    "tax": 16947,
  },
  {
    "age": 72,
    "assets": 1088768,
    "shortfall": 0,
    "tax": 16364,
  },
  {
    "age": 73,
    "assets": 1066245,
    "shortfall": 0,
    "tax": 13038,
  },
  {
    "age": 74,
    "assets": 1050518,
    "shortfall": 0,
    "tax": 4326,
  },
  {
    "age": 75,
    "assets": 1034195,
    "shortfall": 0,
    "tax": 4784,
  },
  {
    "age": 76,
    "assets": 1015837,
    "shortfall": 0,
    "tax": 4918,
  },
  {
    "age": 77,
    "assets": 995371,
    "shortfall": 0,
    "tax": 5016,
  },
  {
    "age": 78,
    "assets": 972687,
    "shortfall": 0,
    "tax": 5116,
  },
  {
    "age": 79,
    "assets": 947667,
    "shortfall": 0,
    "tax": 5218,
  },
  {
    "age": 80,
    "assets": 920138,
    "shortfall": 0,
    "tax": 5324,
  },
  {
    "age": 81,
    "assets": 892496,
    "shortfall": 0,
    "tax": 1914,
  },
  {
    "age": 82,
    "assets": 862079,
    "shortfall": 0,
    "tax": 1426,
  },
  {
    "age": 83,
    "assets": 828286,
    "shortfall": 0,
    "tax": 1443,
  },
  {
    "age": 84,
    "assets": 790900,
    "shortfall": 0,
    "tax": 1460,
  },
  {
    "age": 85,
    "assets": 749695,
    "shortfall": 0,
    "tax": 1478,
  },
  {
    "age": 86,
    "assets": 704430,
    "shortfall": 0,
    "tax": 1496,
  },
  {
    "age": 87,
    "assets": 654853,
    "shortfall": 0,
    "tax": 1514,
  },
  {
    "age": 88,
    "assets": 600697,
    "shortfall": 0,
    "tax": 1534,
  },
  {
    "age": 89,
    "assets": 541680,
    "shortfall": 0,
    "tax": 1553,
  },
  {
    "age": 90,
    "assets": 477506,
    "shortfall": 0,
    "tax": 1573,
  },
]
`;
